// Jest Snapshot v1, https://goo.gl/fbAQLP

exports[`renders correctly 1`] = `
<button
  className="mediumButton__Button-sc-1e5cium-0 dScmLB"
/>
`;
